\BOOKMARK [1][-]{section.1}{\376\377\000I\000n\000t\000r\000o\000d\000u\000c\000t\000i\000o\000n}{}% 1
\BOOKMARK [1][-]{section.2}{\376\377\000G\000e\000o\000m\000e\000t\000r\000y\000\040\000P\000a\000r\000a\000m\000e\000t\000r\000i\000z\000a\000t\000i\000o\000n}{}% 2
\BOOKMARK [2][-]{subsection.2.1}{\376\377\000W\000e\000d\000g\000e}{section.2}% 3
\BOOKMARK [2][-]{subsection.2.2}{\376\377\000L\000a\000y\000e\000r\000\040\000S\000y\000s\000t\000e\000m}{section.2}% 4
\BOOKMARK [2][-]{subsection.2.3}{\376\377\000C\000e\000n\000t\000r\000a\000l\000\040\000C\000y\000l\000i\000n\000d\000e\000r}{section.2}% 5
\BOOKMARK [2][-]{subsection.2.4}{\376\377\000T\000E\000C\000\040\000E\000l\000e\000m\000e\000n\000t}{section.2}% 6
\BOOKMARK [2][-]{subsection.2.5}{\376\377\000T\000h\000e\000r\000m\000o\000e\000l\000e\000c\000t\000r\000i\000c\000\040\000L\000e\000g\000s}{section.2}% 7
\BOOKMARK [2][-]{subsection.2.6}{\376\377\000R\000a\000d\000i\000a\000l\000\040\000I\000n\000s\000u\000l\000a\000t\000o\000r}{section.2}% 8
\BOOKMARK [2][-]{subsection.2.7}{\376\377\000A\000z\000i\000m\000u\000t\000h\000a\000l\000\040\000I\000n\000s\000u\000l\000a\000t\000o\000r}{section.2}% 9
\BOOKMARK [2][-]{subsection.2.8}{\376\377\000I\000n\000t\000e\000r\000c\000o\000n\000n\000e\000c\000t\000o\000r}{section.2}% 10
\BOOKMARK [2][-]{subsection.2.9}{\376\377\000O\000u\000t\000e\000r\000c\000o\000n\000n\000e\000c\000t\000o\000r}{section.2}% 11
\BOOKMARK [1][-]{section.3}{\376\377\000R\000e\000s\000i\000s\000t\000a\000n\000c\000e\000\040\000C\000a\000l\000c\000u\000l\000a\000t\000i\000o\000n}{}% 12
\BOOKMARK [2][-]{subsection.3.1}{\376\377\000R\000e\000s\000i\000s\000t\000o\000r\000\040\000A\000r\000r\000a\000n\000g\000e\000m\000e\000n\000t}{section.3}% 13
\BOOKMARK [3][-]{subsubsection.3.1.1}{\376\377\000T\000E\000C\000\040\000L\000a\000y\000e\000r}{subsection.3.1}% 14
\BOOKMARK [3][-]{subsubsection.3.1.2}{\376\377\000C\000h\000i\000p\000\040\000L\000a\000y\000e\000r}{subsection.3.1}% 15
\BOOKMARK [2][-]{subsection.3.2}{\376\377\000T\000h\000e\000r\000m\000a\000l\000\040\000R\000e\000s\000i\000s\000t\000a\000n\000c\000e\000s}{section.3}% 16
\BOOKMARK [3][-]{subsubsection.3.2.1}{\376\377\000T\000h\000e\000r\000m\000o\000e\000l\000e\000c\000t\000r\000i\000c\000\040\000L\000e\000g\000s}{subsection.3.2}% 17
\BOOKMARK [3][-]{subsubsection.3.2.2}{\376\377\000I\000n\000t\000e\000r\000c\000o\000n\000n\000e\000c\000t}{subsection.3.2}% 18
\BOOKMARK [3][-]{subsubsection.3.2.3}{\376\377\000O\000u\000t\000e\000r\000c\000o\000n\000n\000e\000c\000t}{subsection.3.2}% 19
\BOOKMARK [3][-]{subsubsection.3.2.4}{\376\377\000R\000a\000d\000i\000a\000l\000\040\000I\000n\000s\000u\000l\000a\000t\000o\000r\000s}{subsection.3.2}% 20
\BOOKMARK [3][-]{subsubsection.3.2.5}{\376\377\000A\000z\000i\000m\000u\000t\000h\000a\000l\000\040\000I\000n\000s\000u\000l\000a\000t\000o\000r}{subsection.3.2}% 21
\BOOKMARK [3][-]{subsubsection.3.2.6}{\376\377\000V\000e\000r\000t\000i\000c\000a\000l\000\040\000R\000e\000s\000i\000s\000t\000a\000n\000c\000e}{subsection.3.2}% 22
\BOOKMARK [3][-]{subsubsection.3.2.7}{\376\377\000C\000h\000i\000p\000\040\000L\000a\000y\000e\000r\000\040\000R\000e\000s\000i\000s\000t\000a\000n\000c\000e}{subsection.3.2}% 23
\BOOKMARK [3][-]{subsubsection.3.2.8}{\376\377\000C\000e\000n\000t\000r\000a\000l\000\040\000C\000y\000l\000i\000n\000d\000e\000r\000\040\000R\000e\000s\000i\000s\000t\000a\000n\000c\000e}{subsection.3.2}% 24
\BOOKMARK [2][-]{subsection.3.3}{\376\377\000L\000u\000m\000p\000i\000n\000g\000\040\000R\000e\000s\000i\000s\000t\000o\000r\000s\000\040\000T\000o\000g\000e\000t\000h\000e\000r}{section.3}% 25
\BOOKMARK [2][-]{subsection.3.4}{\376\377\000E\000l\000e\000c\000t\000r\000i\000c\000a\000l\000\040\000R\000e\000s\000i\000s\000t\000a\000n\000c\000e\000s}{section.3}% 26
\BOOKMARK [3][-]{subsubsection.3.4.1}{\376\377\000T\000h\000e\000r\000m\000o\000e\000l\000e\000c\000t\000r\000i\000c\000\040\000L\000e\000g\000s}{subsection.3.4}% 27
\BOOKMARK [3][-]{subsubsection.3.4.2}{\376\377\000I\000n\000t\000e\000r\000c\000o\000n\000n\000e\000c\000t\000s}{subsection.3.4}% 28
\BOOKMARK [3][-]{subsubsection.3.4.3}{\376\377\000o\000u\000t\000e\000r\000c\000o\000n\000n\000e\000c\000t}{subsection.3.4}% 29
\BOOKMARK [1][-]{section.4}{\376\377\000F\000o\000r\000m\000a\000t\000i\000o\000n\000\040\000o\000f\000\040\000t\000h\000e\000\040\000L\000i\000n\000e\000a\000r\000\040\000S\000y\000s\000t\000e\000m}{}% 30
\BOOKMARK [2][-]{subsection.4.1}{\376\377\000C\000h\000i\000p\000\040\000L\000a\000y\000e\000r}{section.4}% 31
\BOOKMARK [2][-]{subsection.4.2}{\376\377\000T\000E\000C\000\040\000L\000a\000y\000e\000r}{section.4}% 32
\BOOKMARK [3][-]{subsubsection.4.2.1}{\376\377\000R\000e\000s\000i\000s\000t\000a\000n\000c\000e\000\040\000H\000e\000a\000t\000\040\000g\000e\000n\000e\000r\000a\000t\000i\000o\000n\000\040\000A\000s\000s\000i\000g\000n\000m\000e\000n\000t}{subsection.4.2}% 33
\BOOKMARK [3][-]{subsubsection.4.2.2}{\376\377\000W\000r\000i\000t\000i\000n\000g\000\040\000E\000n\000e\000r\000g\000y\000\040\000B\000a\000l\000a\000n\000c\000e}{subsection.4.2}% 34
\BOOKMARK [3][-]{subsubsection.4.2.3}{\376\377\000B\000o\000u\000n\000d\000a\000r\000y\000\040\000C\000o\000n\000d\000i\000t\000i\000o\000n}{subsection.4.2}% 35
\BOOKMARK [2][-]{subsection.4.3}{\376\377\000C\000e\000n\000t\000r\000a\000l\000\040\000N\000o\000d\000e}{section.4}% 36
\BOOKMARK [1][-]{section.5}{\376\377\000M\000a\000t\000r\000i\000x\000\040\000F\000o\000r\000m\000u\000l\000a\000t\000i\000o\000n}{}% 37
\BOOKMARK [2][-]{subsection.5.1}{\376\377\000B\000l\000o\000c\000k\000\040\000N\000o\000t\000a\000t\000i\000o\000n}{section.5}% 38
\BOOKMARK [2][-]{subsection.5.2}{\376\377\000E\000x\000p\000a\000n\000d\000e\000d\000\040\000N\000o\000t\000a\000t\000i\000o\000n}{section.5}% 39
\BOOKMARK [3][-]{subsubsection.5.2.1}{\376\377\000A\0000\0000\000\040\000-\000\040\000C\000e\000n\000t\000e\000r\000\040\000S\000c\000a\000l\000a\000r}{subsection.5.2}% 40
\BOOKMARK [3][-]{subsubsection.5.2.2}{\376\377\000L\000i\000n\000k\0000\000\040\000S\000i\000\040\000-\000\040\000C\000e\000n\000t\000e\000r\000\040\000t\000o\000\040\000S\000i\000l\000i\000c\000o\000n}{subsection.5.2}% 41
\BOOKMARK [3][-]{subsubsection.5.2.3}{\376\377\000L\000i\000n\000k\0000\000\040\000T\000E\000C\000\040\000-\000\040\000C\000e\000n\000t\000e\000r\000\040\000t\000o\000\040\000T\000E\000C}{subsection.5.2}% 42
\BOOKMARK [3][-]{subsubsection.5.2.4}{\376\377\000L\000i\000n\000k\000S\000i\000\040\0000\000\040\000-\000\040\000S\000i\000l\000i\000c\000o\000n\000\040\000t\000o\000\040\000C\000e\000n\000t\000e\000r}{subsection.5.2}% 43
\BOOKMARK [3][-]{subsubsection.5.2.5}{\376\377\000A\000c\000h\000i\000p\000\040\000-\000\040\000L\000a\000t\000e\000r\000a\000l\000\040\000C\000o\000n\000d\000u\000c\000t\000i\000o\000n\000\040\000M\000a\000t\000r\000i\000x}{subsection.5.2}% 44
\BOOKMARK [3][-]{subsubsection.5.2.6}{\376\377\000A\000v\000e\000\040\000-\000\040\000V\000e\000r\000t\000i\000c\000a\000l\000\040\000C\000o\000u\000p\000l\000i\000n\000g}{subsection.5.2}% 45
\BOOKMARK [3][-]{subsubsection.5.2.7}{\376\377\000L\000i\000n\000k\000T\000E\000C\000\040\0000\000\040\000-\000\040\000T\000E\000C\000\040\000t\000o\000\040\000C\000e\000n\000t\000e\000r}{subsection.5.2}% 46
\BOOKMARK [3][-]{subsubsection.5.2.8}{\376\377\000A\000T\000E\000C\000\040\000-\000\040\000A\000c\000t\000i\000v\000e\000\040\000P\000u\000m\000p\000i\000n\000g\000\040\000M\000a\000t\000r\000i\000x}{subsection.5.2}% 47
\BOOKMARK [3][-]{subsubsection.5.2.9}{\376\377\000V\000e\000c\000t\000o\000r\000\040\000B\000\040\000-\000\040\000S\000o\000u\000r\000c\000e\000\040\000V\000e\000c\000t\000o\000r}{subsection.5.2}% 48
\BOOKMARK [1][-]{section.6}{\376\377\000S\000u\000m\000m\000a\000r\000y}{}% 49
